ERC report (2026-04-14T22:13:15-0400, Encoding UTF8)

***** Sheet /
[pin_not_connected]: Pin not connected
    ; error
    @(5250 mils, 1650 mils): Hierarchical Sheet Pin +5V

***** Sheet /Power_Delivery/
[power_pin_not_driven]: Input Power pin not driven by any Output Power pins
    ; error
    @(2300 mils, 4200 mils): Symbol #PWR01 Pin 1 [Power input, Line]
[power_pin_not_driven]: Input Power pin not driven by any Output Power pins
    ; error
    @(3650 mils, 3600 mils): Symbol U1 Pin 1 [VIN, Power input, Line]
[pin_to_pin]: Pins of type Power output and Power output are connected
    ; error
    @(6250 mils, 3450 mils): Symbol #FLG02 Pin 1 [Power output, Line]
    @(6250 mils, 3200 mils): Symbol U2 Pin 2 [VO, Power output, Line]

***** Sheet /ESP32_Core/

***** Sheet /RTC_SubSystem/
[pin_not_connected]: Pin not connected
    ; error
    @(3150 mils, 2900 mils): Symbol U4 Pin 1 [32KHZ, Open collector, Line]
[power_pin_not_driven]: Input Power pin not driven by any Output Power pins
    ; error
    @(3750 mils, 2700 mils): Symbol U4 Pin 2 [VCC, Power input, Line]

***** Sheet /HMI_IO/

 ** ERC messages: 6  Errors 6  Warnings 0
