** Drc report for Tractian_Edge_Node.kicad_pcb **
** Created on 2026-04-16T16:48:40-0400 **

** Found 10 DRC violations **
[lib_footprint_mismatch]: Footprint 'ESP32-S3-WROOM-1' does not match copy in library 'RF_Module'.
    Local override; warning
    @(87.9850 mm, 6.0000 mm): Footprint U3
[silk_over_copper]: Silkscreen clipped by solder mask
    Local override; warning
    @(124.7000 mm, 14.9500 mm): Reference field of C1
[silk_over_copper]: Silkscreen clipped by solder mask
    Local override; warning
    @(70.1000 mm, 33.1500 mm): Reference field of R16
[silk_over_copper]: Silkscreen clipped by solder mask
    Local override; warning
    @(46.4000 mm, 14.5500 mm): Reference field of R2
[silk_over_copper]: Silkscreen clipped by solder mask
    Local override; warning
    @(85.8750 mm, 55.1010 mm): Reference field of R4
[silk_overlap]: Silkscreen overlap
    Rule: board setup constraints silk; warning
    @(70.1000 mm, 33.1500 mm): Reference field of R16
    @(69.8729 mm, 32.8350 mm): Segment of R15 on F.Silkscreen
[silk_overlap]: Silkscreen overlap
    Rule: board setup constraints silk; warning
    @(100.2187 mm, 54.9750 mm): Segment of C3 on F.Silkscreen
    @(100.4800 mm, 55.5700 mm): Reference field of C4
[silk_overlap]: Silkscreen overlap
    Rule: board setup constraints silk; warning
    @(85.6479 mm, 54.5360 mm): Segment of R3 on F.Silkscreen
    @(85.8750 mm, 55.1010 mm): Reference field of R4
[silk_overlap]: Silkscreen overlap
    Rule: board setup constraints silk; warning
    @(46.1729 mm, 13.9850 mm): Segment of R1 on F.Silkscreen
    @(46.4000 mm, 14.5500 mm): Reference field of R2
[silk_overlap]: Silkscreen overlap
    Rule: board setup constraints silk; warning
    @(114.5000 mm, 15.0000 mm): Segment of L1 on F.Silkscreen
    @(107.2000 mm, 15.4500 mm): Reference field of C2

** Found 0 unconnected pads **

** Found 0 Footprint errors **

** End of Report **
